/datamore/cc/corpus/test2/建设工程项目组织与管理/
/datamore/cc/entity_extraction/context_建设工程项目组织与管理.txt
建设工程项目组织与管理
领域词抽取5
rm: 无法删除'context_建设工程项目组织与管理.txt': 没有那个文件或目录
[sudo] amax 的密码： [sudo] amax 的密码： [sudo] amax 的密码： [sudo] amax 的密码： [sudo] amax 的密码： [sudo] amax 的密码： [sudo] amax 的密码： [sudo] amax 的密码： [sudo] amax 的密码： [sudo] amax 的密码： [sudo] amax 的密码： [sudo] amax 的密码： 